[delivery-skill] Phase 1: Pre-mutation inspection (branch, remote origin, issue, PRs)...
[delivery-skill] Reusing verified existing open PR #19 (https://github.com/felixjichao/symphony-delivery-dogfood/pull/19)
[delivery-skill] Phase 2: Running project validation...
[delivery-skill] Executing validation command: npm run gate
[delivery-skill] Project validation succeeded.
[delivery-skill] Phase 3: Committing changes...
[delivery-skill] Phase 4: Pushing branch to remote...
[delivery-skill] Pushed HEAD commit: 77e149bdcb07ed1ed56639f3472671ad3df54b3b
[delivery-skill] Phase 6: Monitoring CI checks and executing repair loop...
[delivery-skill] CI checks green! (All 1 current checks strictly succeeded (no required checks configured))
[delivery-skill] Entering Review Gate for PR #19 @ 77e149bdcb07ed1ed56639f3472671ad3df54b3b...
[delivery-skill] Ensured ReviewTask: github%3Afelixjichao%2Fsymphony-delivery-dogfood%2318:review:1:felixjichao%2Fsymphony-delivery-dogfood:19:77e149bdcb07ed1ed56639f3472671ad3df54b3b (status: completed)
[delivery-skill] Review requested changes:
[BLOCKER] src/math.mjs:7: `values.sort(...)` sorts the caller's array in place and returns that same array. Issue #18 explicitly requires returning a new array and never mutating the input, including empty and already-sorted inputs. Create and sort a copy instead.
[BLOCKER] test/math.test.mjs:6: The new tests verify only ordering. They do not assert that the original input remains unchanged or that the result is a distinct array, so the prohibited mutating implementation passes CI. Add focused non-mutation/reference-identity coverage, including empty and already-sorted arrays as required.
[delivery-skill] Entering repair attempt 2/3 for review feedback...
[delivery-skill] Executing repair command for review: node /private/tmp/symphony-nest103-e2e/repair.mjs
[delivery-skill] Re-running validation command after review repair: npm run gate
[delivery-skill] Pushed repaired commit ac7a3106405c5389ba4adb864af72b165349e974. Re-entering CI and review loop...
[delivery-skill] CI checks pending (Check(s) pending: gate). Waiting 5s... (749/3600s)
[delivery-skill] CI checks pending (Check(s) pending: gate). Waiting 5s... (756/3600s)
[delivery-skill] CI checks green! (All 1 current checks strictly succeeded (no required checks configured))
[delivery-skill] Entering Review Gate for PR #19 @ ac7a3106405c5389ba4adb864af72b165349e974...
[delivery-skill] Ensured ReviewTask: github%3Afelixjichao%2Fsymphony-delivery-dogfood%2318:review:2:felixjichao%2Fsymphony-delivery-dogfood:19:ac7a3106405c5389ba4adb864af72b165349e974 (status: pending)
[delivery-skill] Review status: running. Waiting 5s... (771/3600s)
[delivery-skill] Review status: running. Waiting 5s... (779/3600s)
[delivery-skill] Review status: running. Waiting 5s... (785/3600s)
[delivery-skill] Review status: running. Waiting 5s... (792/3600s)
[delivery-skill] Review status: running. Waiting 5s... (798/3600s)
[delivery-skill] Review status: running. Waiting 5s... (805/3600s)
[delivery-skill] Review status: running. Waiting 5s... (813/3600s)
[delivery-skill] Review status: running. Waiting 5s... (821/3600s)
[delivery-skill] Review approved for HEAD ac7a3106405c5389ba4adb864af72b165349e974! Proceeding to land.
[delivery-skill] Phase 7: Land evaluation & squash merge...
[delivery-skill] Successfully landed PR #19! Merge commit: a8ec31e922955323954acf74c4ad7e030cb4afec. Issue #18 closed.
symphony delivery-skill: successfully completed and landed PR #19
