[delivery-skill] Phase 1: Pre-mutation inspection (branch, remote origin, issue, PRs)...
[delivery-skill] Phase 2: Running project validation...
[delivery-skill] Executing validation command: npm run gate
[delivery-skill] Project validation succeeded.
[delivery-skill] Phase 3: Committing changes...
[delivery-skill] Phase 4: Pushing branch to remote...
[delivery-skill] Pushed HEAD commit: 77e149bdcb07ed1ed56639f3472671ad3df54b3b
[delivery-skill] Phase 5: Creating Pull Request...
[delivery-skill] Created PR #19 (https://github.com/felixjichao/symphony-delivery-dogfood/pull/19)
[delivery-skill] Phase 6: Monitoring CI checks and executing repair loop...
[delivery-skill] CI checks pending (Check(s) pending: gate). Waiting 5s... (88/3600s)
[delivery-skill] CI checks pending (Check(s) pending: gate). Waiting 5s... (96/3600s)
[delivery-skill] CI checks green! (All 1 current checks strictly succeeded (no required checks configured))
[delivery-skill] Entering Review Gate for PR #19 @ 77e149bdcb07ed1ed56639f3472671ad3df54b3b...
[delivery-skill] Blocker/budget reached: manual_intervention_required. Halting dispatch...
[delivery-skill] Successfully verified removal of label 'symphony-ready' from issue #18
symphony delivery-skill: blocked (manual_intervention_required)
## 🚨 Symphony Delivery Handoff Report

**触发原因**：`manual_intervention_required`
**详细信息**：Failed to parse PR API response for #19: SyntaxError: Unexpected non-whitespace character after JSON at position 2980 (line 1 column 2981)

---

### 1. 任务与交付状态
- **Repository**: `felixjichao/symphony-delivery-dogfood`
- **Issue**: #18
- **Branch**: `symphony/GH-18`
- **PR**: [#19](https://github.com/felixjichao/symphony-delivery-dogfood/pull/19)
- **Head SHA**: `77e149bdcb`

### 2. 预算消耗情况
- **修复重试消耗**: 0 / 3 次上限
- **CI 等待时间消耗**: 115s / 3600s 上限

### 3. 调度控制与交接说明
- **Issue 状态保持**: Open（未完成，绝不误关闭）
- **标签操作**: 已从 Issue #18 移除 `symphony-ready` 标签，**已自动停止当前任务派发与 Continuation 循环**。
- **恢复操作指引**:
  1. 人工排查上述详情或 CI 日志中的 blocker / 失败项；
  2. 修复问题后，在 GitHub Issue #18 上重新添加 `symphony-ready` 标签以恢复 Symphony 自动调度。

